src/transaction/controllers/transaction-v2.controller.ts(18,35): error TS2307: Cannot find module 'src/auth/decorators/auth-header.service' or its corresponding type declarations.
src/transaction/controllers/transaction-v2.controller.ts(19,32): error TS2307: Cannot find module '../services/receipt.service' or its corresponding type declarations.
src/transaction/controllers/transaction-v2.controller.ts(21,39): error TS2307: Cannot find module '../dtos/upload-receipt-image.dto' or its corresponding type declarations.
src/transaction/controllers/transaction-v2.controller.ts(22,27): error TS2307: Cannot find module '../dtos/appeal.dto' or its corresponding type declarations.
src/transaction/controllers/transaction-v2.controller.ts(25,58): error TS2307: Cannot find module '../dtos/swagger/swagger-example.dto' or its corresponding type declarations.
src/transaction/controllers/transaction-v2.controller.ts(40,5): error TS2353: Object literal may only specify known properties, and 'includeLanguageHeader' does not exist in type 'ApiEndpointOptions<any>'.
src/transaction/controllers/transaction-v2.controller.ts(54,43): error TS2339: Property 'getPaydayTransactionByIdV2' does not exist on type 'PayoutTransactionService'.
src/transaction/controllers/transaction-v2.controller.ts(65,5): error TS2353: Object literal may only specify known properties, and 'includeLanguageHeader' does not exist in type 'ApiEndpointOptions<any>'.
src/transaction/controllers/transaction-v2.controller.ts(75,43): error TS2339: Property 'uploadReceiptV2' does not exist on type 'PayoutTransactionService'.
src/transaction/controllers/transaction-v2.controller.ts(90,5): error TS2353: Object literal may only specify known properties, and 'includeLanguageHeader' does not exist in type 'ApiEndpointOptions<any>'.
src/transaction/controllers/transaction-v2.controller.ts(100,43): error TS2551: Property 'appealV2' does not exist on type 'PayoutTransactionService'. Did you mean 'appeal'?
src/transaction/controllers/transaction-v2.controller.ts(114,5): error TS2353: Object literal may only specify known properties, and 'includeLanguageHeader' does not exist in type 'ApiEndpointOptions<any>'.
src/transaction/controllers/transaction-v2.controller.ts(129,5): error TS2353: Object literal may only specify known properties, and 'includeLanguageHeader' does not exist in type 'ApiEndpointOptions<any>'.
src/transaction/controllers/transaction-v2.controller.ts(143,43): error TS2339: Property 'getNextPaydayTransactionV2' does not exist on type 'PayoutTransactionService'.
src/transaction/controllers/transaction-v2.controller.ts(157,5): error TS2353: Object literal may only specify known properties, and 'includeLanguageHeader' does not exist in type 'ApiEndpointOptions<any>'.
src/transaction/controllers/transaction-v2.controller.ts(171,43): error TS2339: Property 'getAllPaydayTransactionV2' does not exist on type 'PayoutTransactionService'.
src/transaction/controllers/transaction-v2.controller.ts(185,58): error TS2339: Property 'getTransactionDetailsForDashboard' does not exist on type 'PayoutTransactionService'.
src/transaction/controllers/transaction-v2.controller.ts(195,58): error TS2339: Property 'getPaydayDetailsForDashboard' does not exist on type 'PayoutTransactionService'.
src/transaction/controllers/transaction-v2.controller.ts(207,5): error TS2353: Object literal may only specify known properties, and 'includeLanguageHeader' does not exist in type 'ApiEndpointOptions<any>'.
src/transaction/controllers/transaction-v2.controller.ts(212,51): error TS2339: Property 'getTransactionDetailsV2' does not exist on type 'PayoutTransactionService'.
src/transaction/controllers/transaction.controller.ts(18,27): error TS2307: Cannot find module '../dtos/appeal.dto' or its corresponding type declarations.
src/transaction/controllers/transaction.controller.ts(19,36): error TS2307: Cannot find module '../dtos/customer-pii-data.dto' or its corresponding type declarations.
src/transaction/controllers/transaction.controller.ts(20,36): error TS2307: Cannot find module '../dtos/get-transaction.dto' or its corresponding type declarations.
src/transaction/controllers/transaction.controller.ts(21,45): error TS2307: Cannot find module '../dtos/transaction-details.dto' or its corresponding type declarations.
src/transaction/controllers/transaction.controller.ts(23,35): error TS2307: Cannot find module '../dtos/appeal-file.dto' or its corresponding type declarations.
src/transaction/controllers/transaction.controller.ts(111,5): error TS2353: Object literal may only specify known properties, and 'queryType' does not exist in type 'ApiEndpointOptions<any>'.
src/transaction/entities/consumer.model.ts(4,28): error TS2307: Cannot find module '../dtos/customer-pii-data.dto' or its corresponding type declarations.
src/transaction/entities/currency.model.ts(4,32): error TS2307: Cannot find module 'src/consumer-saving/entities/consumer-saving.model' or its corresponding type declarations.
src/transaction/entities/payout-transaction.model.ts(5,24): error TS2307: Cannot find module 'src/processed-payout/entities/payout.model' or its corresponding type declarations.
src/transaction/services/payout-transaction.service.ts(8,44): error TS2307: Cannot find module 'src/payout-configuration/services/payout-configuration.service' or its corresponding type declarations.
src/transaction/services/payout-transaction.service.ts(9,32): error TS2307: Cannot find module './receipt.service' or its corresponding type declarations.
src/transaction/services/payout-transaction.service.ts(11,45): error TS2307: Cannot find module '../enum/payout-transaction-status.enum' or its corresponding type declarations.
src/transaction/services/payout-transaction.service.ts(12,24): error TS2307: Cannot find module 'src/processed-payout/entities/payout.model' or its corresponding type declarations.
src/transaction/services/payout-transaction.service.ts(13,37): error TS2307: Cannot find module 'src/processed-payout/services/payday-saving.service' or its corresponding type declarations.
src/transaction/services/payout-transaction.service.ts(14,34): error TS2307: Cannot find module '../enum/payout-status.enum' or its corresponding type declarations.
src/transaction/services/payout-transaction.service.ts(23,33): error TS2307: Cannot find module '../proxies/cms-service.proxy' or its corresponding type declarations.
src/transaction/services/payout-transaction.service.ts(24,50): error TS2307: Cannot find module '../proxies/consumer-identity-service.proxy' or its corresponding type declarations.
src/transaction/services/payout-transaction.service.ts(26,32): error TS2307: Cannot find module '../enum/consumer-status.enum' or its corresponding type declarations.
src/transaction/services/payout-transaction.service.ts(28,31): error TS2307: Cannot find module 'src/common/service/common.service' or its corresponding type declarations.
src/transaction/services/payout-transaction.service.ts(29,45): error TS2307: Cannot find module '../proxies/merchant-adaptor-service.proxy' or its corresponding type declarations.
src/transaction/services/payout-transaction.service.ts(30,40): error TS2307: Cannot find module '../dtos/get-transaction.dto' or its corresponding type declarations.
src/transaction/services/payout-transaction.service.ts(31,36): error TS2307: Cannot find module '../dtos/customer-pii-data.dto' or its corresponding type declarations.
src/transaction/services/payout-transaction.service.ts(73,25): error TS2339: Property 'adib' does not exist on type '{ common: { entityNotFound: (name?: string) => { message: string; serverStatus: number; }; emailAlreadyExists: { message: string; serverStatus: number; }; invalidPhoneNumber: { message: string; serverStatus: number; }; mobileAlreadyExists: { ...; }; accessNotAllowed: { ...; }; tooManyRequests: { ...; }; invalidToken...'.
src/transaction/services/payout-transaction.service.ts(74,11): error TS2554: Expected 1-3 arguments, but got 4.
src/transaction/services/payout-transaction.service.ts(74,25): error TS2339: Property 'adib' does not exist on type '{ common: { entityNotFound: (name?: string) => { message: string; serverStatus: number; }; emailAlreadyExists: { message: string; serverStatus: number; }; invalidPhoneNumber: { message: string; serverStatus: number; }; mobileAlreadyExists: { ...; }; accessNotAllowed: { ...; }; tooManyRequests: { ...; }; invalidToken...'.
src/transaction/services/payout-transaction.service.ts(140,23): error TS2339: Property 'adib' does not exist on type '{ common: { entityNotFound: (name?: string) => { message: string; serverStatus: number; }; emailAlreadyExists: { message: string; serverStatus: number; }; invalidPhoneNumber: { message: string; serverStatus: number; }; mobileAlreadyExists: { ...; }; accessNotAllowed: { ...; }; tooManyRequests: { ...; }; invalidToken...'.
src/transaction/services/payout-transaction.service.ts(141,9): error TS2554: Expected 1-3 arguments, but got 4.
src/transaction/services/payout-transaction.service.ts(141,23): error TS2339: Property 'adib' does not exist on type '{ common: { entityNotFound: (name?: string) => { message: string; serverStatus: number; }; emailAlreadyExists: { message: string; serverStatus: number; }; invalidPhoneNumber: { message: string; serverStatus: number; }; mobileAlreadyExists: { ...; }; accessNotAllowed: { ...; }; tooManyRequests: { ...; }; invalidToken...'.
src/transaction/services/payout-transaction.service.ts(180,25): error TS2339: Property 'adib' does not exist on type '{ common: { entityNotFound: (name?: string) => { message: string; serverStatus: number; }; emailAlreadyExists: { message: string; serverStatus: number; }; invalidPhoneNumber: { message: string; serverStatus: number; }; mobileAlreadyExists: { ...; }; accessNotAllowed: { ...; }; tooManyRequests: { ...; }; invalidToken...'.
src/transaction/services/payout-transaction.service.ts(181,11): error TS2554: Expected 1-3 arguments, but got 4.
src/transaction/services/payout-transaction.service.ts(181,25): error TS2339: Property 'adib' does not exist on type '{ common: { entityNotFound: (name?: string) => { message: string; serverStatus: number; }; emailAlreadyExists: { message: string; serverStatus: number; }; invalidPhoneNumber: { message: string; serverStatus: number; }; mobileAlreadyExists: { ...; }; accessNotAllowed: { ...; }; tooManyRequests: { ...; }; invalidToken...'.
src/transaction/services/payout-transaction.service.ts(264,23): error TS2339: Property 'adib' does not exist on type '{ common: { entityNotFound: (name?: string) => { message: string; serverStatus: number; }; emailAlreadyExists: { message: string; serverStatus: number; }; invalidPhoneNumber: { message: string; serverStatus: number; }; mobileAlreadyExists: { ...; }; accessNotAllowed: { ...; }; tooManyRequests: { ...; }; invalidToken...'.
src/transaction/services/payout-transaction.service.ts(265,9): error TS2554: Expected 1-3 arguments, but got 4.
src/transaction/services/payout-transaction.service.ts(265,23): error TS2339: Property 'adib' does not exist on type '{ common: { entityNotFound: (name?: string) => { message: string; serverStatus: number; }; emailAlreadyExists: { message: string; serverStatus: number; }; invalidPhoneNumber: { message: string; serverStatus: number; }; mobileAlreadyExists: { ...; }; accessNotAllowed: { ...; }; tooManyRequests: { ...; }; invalidToken...'.
src/transaction/services/payout-transaction.service.ts(300,47): error TS2339: Property 'ADIB_PROFILE_ID' does not exist on type 'typeof EnvKeysEnum'.
src/transaction/services/payout-transaction.service.ts(316,25): error TS2339: Property 'adib' does not exist on type '{ common: { entityNotFound: (name?: string) => { message: string; serverStatus: number; }; emailAlreadyExists: { message: string; serverStatus: number; }; invalidPhoneNumber: { message: string; serverStatus: number; }; mobileAlreadyExists: { ...; }; accessNotAllowed: { ...; }; tooManyRequests: { ...; }; invalidToken...'.
src/transaction/services/payout-transaction.service.ts(317,11): error TS2554: Expected 1-3 arguments, but got 4.
src/transaction/services/payout-transaction.service.ts(317,25): error TS2339: Property 'adib' does not exist on type '{ common: { entityNotFound: (name?: string) => { message: string; serverStatus: number; }; emailAlreadyExists: { message: string; serverStatus: number; }; invalidPhoneNumber: { message: string; serverStatus: number; }; mobileAlreadyExists: { ...; }; accessNotAllowed: { ...; }; tooManyRequests: { ...; }; invalidToken...'.
src/transaction/services/payout-transaction.service.ts(341,59): error TS2345: Argument of type 'Map<unknown, unknown>' is not assignable to parameter of type 'Map<string, number>'.
  Type 'unknown' is not assignable to type 'string'.
src/transaction/services/payout-transaction.service.ts(342,80): error TS2554: Expected 1-3 arguments, but got 4.
src/transaction/services/payout-transaction.service.ts(352,23): error TS2339: Property 'adib' does not exist on type '{ common: { entityNotFound: (name?: string) => { message: string; serverStatus: number; }; emailAlreadyExists: { message: string; serverStatus: number; }; invalidPhoneNumber: { message: string; serverStatus: number; }; mobileAlreadyExists: { ...; }; accessNotAllowed: { ...; }; tooManyRequests: { ...; }; invalidToken...'.
src/transaction/services/payout-transaction.service.ts(353,9): error TS2554: Expected 1-3 arguments, but got 4.
src/transaction/services/payout-transaction.service.ts(353,23): error TS2339: Property 'adib' does not exist on type '{ common: { entityNotFound: (name?: string) => { message: string; serverStatus: number; }; emailAlreadyExists: { message: string; serverStatus: number; }; invalidPhoneNumber: { message: string; serverStatus: number; }; mobileAlreadyExists: { ...; }; accessNotAllowed: { ...; }; tooManyRequests: { ...; }; invalidToken...'.
src/transaction/services/payout-transaction.service.ts(381,46): error TS2339: Property 'ADIB_PROFILE_ID' does not exist on type 'typeof EnvKeysEnum'.
src/transaction/services/payout-transaction.service.ts(420,25): error TS2339: Property 'adib' does not exist on type '{ common: { entityNotFound: (name?: string) => { message: string; serverStatus: number; }; emailAlreadyExists: { message: string; serverStatus: number; }; invalidPhoneNumber: { message: string; serverStatus: number; }; mobileAlreadyExists: { ...; }; accessNotAllowed: { ...; }; tooManyRequests: { ...; }; invalidToken...'.
src/transaction/services/payout-transaction.service.ts(421,11): error TS2554: Expected 1-3 arguments, but got 4.
src/transaction/services/payout-transaction.service.ts(421,25): error TS2339: Property 'adib' does not exist on type '{ common: { entityNotFound: (name?: string) => { message: string; serverStatus: number; }; emailAlreadyExists: { message: string; serverStatus: number; }; invalidPhoneNumber: { message: string; serverStatus: number; }; mobileAlreadyExists: { ...; }; accessNotAllowed: { ...; }; tooManyRequests: { ...; }; invalidToken...'.
src/transaction/services/payout-transaction.service.ts(431,25): error TS2339: Property 'adib' does not exist on type '{ common: { entityNotFound: (name?: string) => { message: string; serverStatus: number; }; emailAlreadyExists: { message: string; serverStatus: number; }; invalidPhoneNumber: { message: string; serverStatus: number; }; mobileAlreadyExists: { ...; }; accessNotAllowed: { ...; }; tooManyRequests: { ...; }; invalidToken...'.
src/transaction/services/payout-transaction.service.ts(432,11): error TS2554: Expected 1-3 arguments, but got 4.
src/transaction/services/payout-transaction.service.ts(432,25): error TS2339: Property 'adib' does not exist on type '{ common: { entityNotFound: (name?: string) => { message: string; serverStatus: number; }; emailAlreadyExists: { message: string; serverStatus: number; }; invalidPhoneNumber: { message: string; serverStatus: number; }; mobileAlreadyExists: { ...; }; accessNotAllowed: { ...; }; tooManyRequests: { ...; }; invalidToken...'.
src/transaction/services/payout-transaction.service.ts(444,59): error TS2554: Expected 1-3 arguments, but got 4.
src/transaction/services/payout-transaction.service.ts(456,23): error TS2339: Property 'adib' does not exist on type '{ common: { entityNotFound: (name?: string) => { message: string; serverStatus: number; }; emailAlreadyExists: { message: string; serverStatus: number; }; invalidPhoneNumber: { message: string; serverStatus: number; }; mobileAlreadyExists: { ...; }; accessNotAllowed: { ...; }; tooManyRequests: { ...; }; invalidToken...'.
src/transaction/services/payout-transaction.service.ts(457,9): error TS2554: Expected 1-3 arguments, but got 4.
src/transaction/services/payout-transaction.service.ts(457,23): error TS2339: Property 'adib' does not exist on type '{ common: { entityNotFound: (name?: string) => { message: string; serverStatus: number; }; emailAlreadyExists: { message: string; serverStatus: number; }; invalidPhoneNumber: { message: string; serverStatus: number; }; mobileAlreadyExists: { ...; }; accessNotAllowed: { ...; }; tooManyRequests: { ...; }; invalidToken...'.
src/transaction/services/payout-transaction.service.ts(550,44): error TS2339: Property 'ADIB_PROFILE_ID' does not exist on type 'typeof EnvKeysEnum'.
src/transaction/services/payout-transaction.service.ts(637,46): error TS2339: Property 'ADIB_PROFILE_ID' does not exist on type 'typeof EnvKeysEnum'.
src/transaction/services/payout-transaction.service.ts(726,44): error TS2339: Property 'ADIB_PROFILE_ID' does not exist on type 'typeof EnvKeysEnum'.
src/transaction/services/payout-transaction.service.ts(778,47): error TS2339: Property 'ADIB_PROFILE_ID' does not exist on type 'typeof EnvKeysEnum'.
src/transaction/services/payout-transaction.service.ts(834,49): error TS2339: Property 'ADIB_PROFILE_ID' does not exist on type 'typeof EnvKeysEnum'.
src/transaction/services/payout-transaction.service.ts(850,25): error TS2339: Property 'adib' does not exist on type '{ common: { entityNotFound: (name?: string) => { message: string; serverStatus: number; }; emailAlreadyExists: { message: string; serverStatus: number; }; invalidPhoneNumber: { message: string; serverStatus: number; }; mobileAlreadyExists: { ...; }; accessNotAllowed: { ...; }; tooManyRequests: { ...; }; invalidToken...'.
src/transaction/services/payout-transaction.service.ts(851,11): error TS2554: Expected 1-3 arguments, but got 4.
src/transaction/services/payout-transaction.service.ts(851,25): error TS2339: Property 'adib' does not exist on type '{ common: { entityNotFound: (name?: string) => { message: string; serverStatus: number; }; emailAlreadyExists: { message: string; serverStatus: number; }; invalidPhoneNumber: { message: string; serverStatus: number; }; mobileAlreadyExists: { ...; }; accessNotAllowed: { ...; }; tooManyRequests: { ...; }; invalidToken...'.
src/transaction/services/payout-transaction.service.ts(881,23): error TS2339: Property 'adib' does not exist on type '{ common: { entityNotFound: (name?: string) => { message: string; serverStatus: number; }; emailAlreadyExists: { message: string; serverStatus: number; }; invalidPhoneNumber: { message: string; serverStatus: number; }; mobileAlreadyExists: { ...; }; accessNotAllowed: { ...; }; tooManyRequests: { ...; }; invalidToken...'.
src/transaction/services/payout-transaction.service.ts(882,9): error TS2554: Expected 1-3 arguments, but got 4.
src/transaction/services/payout-transaction.service.ts(882,23): error TS2339: Property 'adib' does not exist on type '{ common: { entityNotFound: (name?: string) => { message: string; serverStatus: number; }; emailAlreadyExists: { message: string; serverStatus: number; }; invalidPhoneNumber: { message: string; serverStatus: number; }; mobileAlreadyExists: { ...; }; accessNotAllowed: { ...; }; tooManyRequests: { ...; }; invalidToken...'.
